// Jest Snapshot v1, https://goo.gl/fbAQLP

exports[`button test the button is rendered correctly 1`] = `
<DocumentFragment>
  <button
    class="css-xnktn1"
    data-testid="button"
    type="submit"
  />
</DocumentFragment>
`;
